exports[`test Root: initialize app 1`] = `
<div
  style={
    Object {
      "height": "100%",
    }
  }>
  <div
    className="game">
    <div
      className="board"
      style={
        Object {
          "transform": "translate3d(0, 0, -896px)",
        }
      }>
      <div
        className="missed">
        <div
          className="folk">
          <div
            className="img bar" />
        </div>
      </div>
      <div
        className="word">
        <div
          className="letter inactive" />
        <div
          className="letter inactive" />
        <div
          className="letter inactive" />
        <div
          className="letter inactive" />
        <div
          className="letter inactive" />
        <div
          className="letter inactive" />
        <div
          className="letter inactive" />
        <div
          className="letter inactive" />
        <div
          className="letter inactive" />
        <div
          className="letter inactive" />
        <div
          className="letter inactive" />
      </div>
      <div
        className="theEnd">
        <span
          className="title">
          LOADING
        </span>
      </div>
    </div>
  </div>
</div>
`;
