exports[`test Initial state snapshot 1`] = `
<div
  className="game">
  <div
    className="board"
    style={
      Object {
        "transform": "translate3d(0, 0, -896px)",
      }
    }>
    <div
      className="missed">
      <div
        className="folk">
        <div
          className="img bar" />
        <div
          className="img head" />
      </div>
      <div
        className="missedLetters">
        <div
          className="title">
          YOU MISSED:
        </div>
        <div
          className="letters">
          <span>
            A
          </span>
        </div>
      </div>
    </div>
    \"KOPYTKO\"
    <br />
    [\"Y\"]
    <br />
  </div>
</div>
`;
